━━━━━━━━━━━━━━━━━━━━━━━━━━━━━━━━━━━━━━━━━━━━━━━━━━━━━━━━━━━━━━━━━━━━━━━━━━━━━━━━━━━━━━━━━━━━━━━━━━━━
perfoming 3 1200000 prime load test with 9 threads
load 1: 59.7978s
load 2: 59.8142s
load 3: 59.8004s
━━━━━━━━━━━━━━━━━━━━━━━━━━━━━━━━━━━━━━━━━━━━━━━━━━━━━━━━━━━━━━━━━━━━━━━━━━━━━━━━━━━━━━━━━━━━━━━━━━━━
      test count: 3
          rt (s): 59.7978, 59.8142, 59.8004
     mean rt (s): 59.8041
   stddev rt (s): 0.0072
       95% ci rt: 0.0219 -> [59.7822, 59.8260]
     coeff ci rt: 0.0003661308671335674
            prod: 20067.6279, 20062.1257, 20066.7554
       mean prod: 20065.5030

   usage cpu (%): 74.8473, 75.1042, 75.0971, 75.1249, 75.0764, 75.0972, 75.1110, 75.0972, 75.0347, 74.9930, 75.0277, 75.0347, 75.0069, 75.0069, 75.0208, 75.0208, 75.0069, 75.0139, 75.0139, 75.0555, 75.0139, 75.0069, 75.0277, 75.0139, 75.0347, 75.0139, 75.0069, 75.0208, 75.0277, 75.0069, 75.0139, 75.0139, 75.0278, 75.0208, 75.0209, 75.0277, 75.0277, 75.0069, 75.0139, 75.0139, 75.0277, 75.0069, 75.0277, 75.0347, 75.0069, 75.0208, 75.0208, 75.0417, 75.0278, 75.0069, 75.0416, 75.0000, 75.0278, 75.0139, 75.0208, 75.0347, 75.0139, 75.0416, 75.0417
    mean cpu (%): 75.0273

   usage mem (%): 13.7163, 13.7132, 13.7122, 13.7120, 13.7113, 13.7117, 13.7115, 13.7111, 13.7111, 13.7111, 13.7111, 13.7111, 13.7111, 13.7111, 13.7111, 13.7111, 13.7111, 13.7111, 13.7111, 13.7111, 13.7111, 13.7111, 13.7111, 13.7111, 13.7111, 13.7107, 13.7107, 13.7086, 13.7086, 13.7064, 13.7064, 13.7042, 13.7042, 13.7028, 13.7028, 13.7021, 13.7021, 13.7020, 13.7021, 13.7021, 13.7021, 13.7017, 13.7017, 13.7017, 13.7017, 13.7017, 13.7017, 13.7017, 13.7017, 13.7017, 13.7017, 13.7017, 13.7021, 13.7021, 13.7021, 13.7021, 13.7021, 13.7021, 13.7021
    mean mem (%): 13.7068
━━━━━━━━━━━━━━━━━━━━━━━━━━━━━━━━━━━━━━━━━━━━━━━━━━━━━━━━━━━━━━━━━━━━━━━━━━━━━━━━━━━━━━━━━━━━━━━━━━━━
━━━━━━━━━━━━━━━━━━━━━━━━━━━━━━━━━━━━━━━━━━━━━━━━━━━━━━━━━━━━━━━━━━━━━━━━━━━━━━━━━━━━━━━━━━━━━━━━━━━━
FINAL RESULTS
━━━━━━━━━━━━━━━━━━━━━━━━━━━━━━━━━━━━━━━━━━━━━━━━━━━━━━━━━━━━━━━━━━━━━━━━━━━━━━━━━━━━━━━━━━━━━━━━━━━━
RT
[59.7978, 59.8142, 59.8004]

CPU
[[75.0, 75.08333333333333, 75.12479201331115, 75.08333333333333, 75.0625521267723, 75.10407993338885, 75.10407993338885, 75.08333333333333, 75.04159733777038, 75.0, 75.02081598667777, 75.02081598667777, 75.0, 75.0, 75.02081598667777, 75.02081598667777, 74.9791492910759, 75.04159733777038, 75.02081598667777, 75.02081598667777, 75.02081598667777, 75.02081598667777, 75.02081598667777, 75.0, 75.02081598667777, 75.0, 75.02081598667777, 75.04159733777038, 75.06234413965088, 75.0, 75.02081598667777, 75.02081598667777, 75.0625521267723, 75.02081598667777, 74.95840266222962, 75.02081598667777, 75.04159733777038, 75.0, 75.02081598667777, 75.02081598667777, 75.02081598667777, 75.0, 75.02081598667777, 75.02081598667777, 75.02081598667777, 75.02081598667777, 75.02081598667777, 75.04159733777038, 75.0, 75.04159733777038, 75.04159733777038, 74.9791492910759, 74.97921862011638, 75.02081598667777, 75.02081598667777, 75.02081598667777, 75.0, 75.02081598667777, 75.08333333333333], [74.77102414654455, 75.14595496246872, 75.06234413965088, 75.10407993338885, 75.08333333333333, 75.08333333333333, 75.18734388009992, 75.10407993338885, 75.02081598667777, 75.0, 75.02081598667777, 75.04159733777038, 75.0, 75.02081598667777, 75.02081598667777, 75.02081598667777, 75.02081598667777, 74.9791492910759, 75.02081598667777, 75.04159733777038, 75.02081598667777, 75.0, 75.04159733777038, 75.04159733777038, 75.02081598667777, 75.02081598667777, 75.02081598667777, 75.0, 75.0, 75.02081598667777, 75.02081598667777, 75.02081598667777, 75.0, 75.02081598667777, 75.02081598667777, 75.06234413965088, 75.02081598667777, 75.02081598667777, 75.0, 75.02081598667777, 75.02081598667777, 75.02081598667777, 75.02081598667777, 75.02081598667777, 75.0, 75.02081598667777, 75.04159733777038, 75.0625521267723, 75.02081598667777, 74.93755203996669, 75.08333333333333, 75.02081598667777, 75.02081598667777, 75.0, 75.04159733777038, 75.0625521267723, 75.04159733777038, 75.0, 75.02081598667777], [74.77102414654455, 75.08333333333333, 75.10407993338885, 75.18734388009992, 75.08333333333333, 75.10407993338885, 75.04159733777038, 75.10407993338885, 75.04159733777038, 74.9791492910759, 75.04159733777038, 75.04159733777038, 75.02081598667777, 75.0, 75.02081598667777, 75.02081598667777, 75.02081598667777, 75.02081598667777, 75.0, 75.10407993338885, 75.0, 75.0, 75.02081598667777, 75.0, 75.0625521267723, 75.02081598667777, 74.9791492910759, 75.02081598667777, 75.02081598667777, 75.0, 75.0, 75.0, 75.02081598667777, 75.02081598667777, 75.08333333333333, 75.0, 75.02081598667777, 75.0, 75.02081598667777, 75.0, 75.04159733777038, 75.0, 75.04159733777038, 75.0625521267723, 75.0, 75.02081598667777, 75.0, 75.02081598667777, 75.0625521267723, 75.04159733777038, 75.0, 75.0, 75.08333333333333, 75.02081598667777, 75.0, 75.02081598667777, 75.0, 75.10407993338885, 75.02081598667777]]

MEM
[[13.747101119187732, 13.737783200614984, 13.734709853522709, 13.734357495257354, 13.732086741991733, 13.733300420461292, 13.732908911277564, 13.731714808267181, 13.731714808267181, 13.731714808267181, 13.731714808267181, 13.731714808267181, 13.731714808267181, 13.731714808267181, 13.731714808267181, 13.731773534644741, 13.731773534644741, 13.731773534644741, 13.731773534644741, 13.731773534644741, 13.731773534644741, 13.731773534644741, 13.731773534644741, 13.731773534644741, 13.731773534644741, 13.730364101583326, 13.730364101583326, 13.724139105562038, 13.724139105562038, 13.717503024897827, 13.717503024897827, 13.710866944233624, 13.710866944233624, 13.706932276937156, 13.706932276937156, 13.704700674589898, 13.704700674589898, 13.704485344538853, 13.704583221834776, 13.704583221834776, 13.704583221834776, 13.703349967906032, 13.703349967906032, 13.703349967906032, 13.703349967906032, 13.703349967906032, 13.703349967906032, 13.703349967906032, 13.703349967906032, 13.703349967906032, 13.703349967906032, 13.703349967906032, 13.703447845201966, 13.703447845201966, 13.703447845201966, 13.703447845201966, 13.703447845201966, 13.703447845201966, 13.703447845201966], [13.70221459127322, 13.70221459127322, 13.70221459127322, 13.70221459127322, 13.70221459127322, 13.702195015814034, 13.70215586489566, 13.702057987599725, 13.702057987599725, 13.702057987599725, 13.702057987599725, 13.702038412140539, 13.702038412140539, 13.702038412140539, 13.702038412140539, 13.702038412140539, 13.702038412140539, 13.702038412140539, 13.702038412140539, 13.702038412140539, 13.702038412140539, 13.702038412140539, 13.702038412140539, 13.702038412140539, 13.702038412140539, 13.702038412140539, 13.702038412140539, 13.702038412140539, 13.702038412140539, 13.702038412140539, 13.702038412140539, 13.702038412140539, 13.702038412140539, 13.702038412140539, 13.702038412140539, 13.702038412140539, 13.702038412140539, 13.702038412140539, 13.702038412140539, 13.702038412140539, 13.702038412140539, 13.702038412140539, 13.702038412140539, 13.702038412140539, 13.702038412140539, 13.702038412140539, 13.702038412140539, 13.702038412140539, 13.702038412140539, 13.702038412140539, 13.702038412140539, 13.702038412140539, 13.702038412140539, 13.702038412140539, 13.702038412140539, 13.702038412140539, 13.702038412140539, 13.702038412140539, 13.702038412140539], [13.699571904283047, 13.699571904283047, 13.699571904283047, 13.699571904283047, 13.699571904283047, 13.699571904283047, 13.699571904283047, 13.699571904283047, 13.699571904283047, 13.699571904283047, 13.699571904283047, 13.699571904283047, 13.699571904283047, 13.699571904283047, 13.699571904283047, 13.699571904283047, 13.699571904283047, 13.699571904283047, 13.699571904283047, 13.699571904283047, 13.699571904283047, 13.699571904283047, 13.699571904283047, 13.699571904283047, 13.699571904283047, 13.699571904283047, 13.699571904283047, 13.699571904283047, 13.699571904283047, 13.699571904283047, 13.699571904283047, 13.699571904283047, 13.699571904283047, 13.699571904283047, 13.699571904283047, 13.699571904283047, 13.699571904283047, 13.699571904283047, 13.699571904283047, 13.699571904283047, 13.699571904283047, 13.699571904283047, 13.699571904283047, 13.699571904283047, 13.699571904283047, 13.699571904283047, 13.699571904283047, 13.699571904283047, 13.699571904283047, 13.699571904283047, 13.699571904283047, 13.699571904283047, 13.700805158211793, 13.700805158211793, 13.700805158211793, 13.700805158211793, 13.700805158211793, 13.700805158211793, 13.700805158211793]]

━━━━━━━━━━━━━━━━━━━━━━━━━━━━━━━━━━━━━━━━━━━━━━━━━━━━━━━━━━━━━━━━━━━━━━━━━━━━━━━━━━━━━━━━━━━━━━━━━━━━
      test count: 3
          rt (s): 59.7978, 59.8142, 59.8004
     mean rt (s): 59.8041
   stddev rt (s): 0.0072
       95% ci rt: 0.0219 -> [59.7822, 59.8260]
     coeff ci rt: 0.0003661308671335674
            prod: 20067.6279, 20062.1257, 20066.7554
       mean prod: 20065.5030

   usage cpu (%): 74.8473, 75.1042, 75.0971, 75.1249, 75.0764, 75.0972, 75.1110, 75.0972, 75.0347, 74.9930, 75.0277, 75.0347, 75.0069, 75.0069, 75.0208, 75.0208, 75.0069, 75.0139, 75.0139, 75.0555, 75.0139, 75.0069, 75.0277, 75.0139, 75.0347, 75.0139, 75.0069, 75.0208, 75.0277, 75.0069, 75.0139, 75.0139, 75.0278, 75.0208, 75.0209, 75.0277, 75.0277, 75.0069, 75.0139, 75.0139, 75.0277, 75.0069, 75.0277, 75.0347, 75.0069, 75.0208, 75.0208, 75.0417, 75.0278, 75.0069, 75.0416, 75.0000, 75.0278, 75.0139, 75.0208, 75.0347, 75.0139, 75.0416, 75.0417
    mean cpu (%): 75.0273

   usage mem (%): 13.7163, 13.7132, 13.7122, 13.7120, 13.7113, 13.7117, 13.7115, 13.7111, 13.7111, 13.7111, 13.7111, 13.7111, 13.7111, 13.7111, 13.7111, 13.7111, 13.7111, 13.7111, 13.7111, 13.7111, 13.7111, 13.7111, 13.7111, 13.7111, 13.7111, 13.7107, 13.7107, 13.7086, 13.7086, 13.7064, 13.7064, 13.7042, 13.7042, 13.7028, 13.7028, 13.7021, 13.7021, 13.7020, 13.7021, 13.7021, 13.7021, 13.7017, 13.7017, 13.7017, 13.7017, 13.7017, 13.7017, 13.7017, 13.7017, 13.7017, 13.7017, 13.7017, 13.7021, 13.7021, 13.7021, 13.7021, 13.7021, 13.7021, 13.7021
    mean mem (%): 13.7068
━━━━━━━━━━━━━━━━━━━━━━━━━━━━━━━━━━━━━━━━━━━━━━━━━━━━━━━━━━━━━━━━━━━━━━━━━━━━━━━━━━━━━━━━━━━━━━━━━━━━

