━━━━━━━━━━━━━━━━━━━━━━━━━━━━━━━━━━━━━━━━━━━━━━━━━━━━━━━━━━━━━━━━━━━━━━━━━━━━━━━━━━━━━━━━━━━━━━━━━━━━
FINAL RESULTS
━━━━━━━━━━━━━━━━━━━━━━━━━━━━━━━━━━━━━━━━━━━━━━━━━━━━━━━━━━━━━━━━━━━━━━━━━━━━━━━━━━━━━━━━━━━━━━━━━━━━
RT
[8.9876, 8.9782, 8.9868, 8.9853, 8.9897, 8.9919]

CPU
[[74.66666666666666, 75.16666666666667, 75.18734388009992, 75.04159733777038, 75.14595496246872, 75.10407993338885, 75.10407993338885, 75.04159733777038], [74.83333333333333, 75.02081598667777, 75.12479201331115, 75.08333333333333, 75.08333333333333, 75.10407993338885, 75.08333333333333, 75.10407993338885], [74.75, 75.08333333333333, 75.0625521267723, 75.12479201331115, 75.08333333333333, 75.0625521267723, 75.10407993338885, 75.10407993338885], [74.68776019983348, 75.10407993338885, 75.10407993338885, 75.08333333333333, 75.12479201331115, 75.08333333333333, 75.10407993338885, 75.10407993338885], [74.64553794829024, 75.08333333333333, 75.10407993338885, 75.10407993338885, 75.08333333333333, 75.02081598667777, 75.08333333333333, 75.10407993338885], [74.81296758104739, 75.16666666666667, 75.12479201331115, 75.18734388009992, 75.08333333333333, 75.10407993338885, 75.02081598667777, 75.10407993338885]]

MEM
[[13.794101796694369, 13.782689303988672, 13.77282327255871, 13.762937665669561, 13.755733896688948, 13.749606777963596, 13.74299027275857, 13.738624945360002], [13.702958458722303, 13.69544148239471, 13.689862476526582, 13.683891961474714, 13.67758866361668, 13.673105883462988, 13.668153292288821, 13.664884190604676], [13.658287260858849, 13.658580892746642, 13.658580892746642, 13.658561317287464, 13.658600468205828, 13.657367214277084, 13.658600468205828, 13.657406365195456], [13.656153535807524, 13.655057310093088, 13.655057310093088, 13.656290564021834, 13.656290564021834, 13.656290564021834, 13.656290564021834, 13.656290564021834], [13.656290564021834, 13.656290564021834, 13.656290564021834, 13.656290564021834, 13.656290564021834, 13.656290564021834, 13.656290564021834, 13.656290564021834], [13.655057310093088, 13.655057310093088, 13.655135611929836, 13.654274291725631, 13.6530214623377, 13.6530214623377, 13.654176414429697, 13.654156838970511]]

━━━━━━━━━━━━━━━━━━━━━━━━━━━━━━━━━━━━━━━━━━━━━━━━━━━━━━━━━━━━━━━━━━━━━━━━━━━━━━━━━━━━━━━━━━━━━━━━━━━━
      test count: 6
          rt (s): 8.9876, 8.9782, 8.9868, 8.9853, 8.9897, 8.9919
     mean rt (s): 8.9866
   stddev rt (s): 0.0043
       95% ci rt: 0.0049 -> [8.9816, 8.9915]
     coeff ci rt: 0.0005501927534399825
            prod: 33379.3226, 33414.2701, 33382.2940, 33387.8668, 33371.5252, 33363.3604
       mean prod: 33383.1065

   usage cpu (%): 74.7327, 75.1041, 75.1179, 75.1041, 75.1007, 75.0798, 75.0833, 75.0937
    mean cpu (%): 75.0520

   usage mem (%): 13.6871, 13.6839, 13.6813, 13.6787, 13.6763, 13.6743, 13.6728, 13.6713
    mean mem (%): 13.6782
━━━━━━━━━━━━━━━━━━━━━━━━━━━━━━━━━━━━━━━━━━━━━━━━━━━━━━━━━━━━━━━━━━━━━━━━━━━━━━━━━━━━━━━━━━━━━━━━━━━━
