━━━━━━━━━━━━━━━━━━━━━━━━━━━━━━━━━━━━━━━━━━━━━━━━━━━━━━━━━━━━━━━━━━━━━━━━━━━━━━━━━━━━━━━━━━━━━━━━━━━━
perfoming 3 300000 prime load test with 9 threads
load 1: 8.9768s
load 2: 8.9731s
load 3: 8.9805s
━━━━━━━━━━━━━━━━━━━━━━━━━━━━━━━━━━━━━━━━━━━━━━━━━━━━━━━━━━━━━━━━━━━━━━━━━━━━━━━━━━━━━━━━━━━━━━━━━━━━
      test count: 3
          rt (s): 8.9768, 8.9731, 8.9805
     mean rt (s): 8.9768
   stddev rt (s): 0.0030
       95% ci rt: 0.0092 -> [8.9676, 8.9860]
     coeff ci rt: 0.0010238959911505465
            prod: 33419.4813, 33433.2616, 33405.7124
       mean prod: 33419.4851

   usage cpu (%): 74.7502, 75.1180, 75.0486, 75.1318, 75.0972, 75.1110, 75.1041, 75.0972
    mean cpu (%): 75.0573

   usage mem (%): 13.7198, 13.7198, 13.7189, 13.7172, 13.7152, 13.7139, 13.7132, 13.7118
    mean mem (%): 13.7162
━━━━━━━━━━━━━━━━━━━━━━━━━━━━━━━━━━━━━━━━━━━━━━━━━━━━━━━━━━━━━━━━━━━━━━━━━━━━━━━━━━━━━━━━━━━━━━━━━━━━
load 4: 8.9901s
load 5: 8.9764s
load 6: 8.9826s
━━━━━━━━━━━━━━━━━━━━━━━━━━━━━━━━━━━━━━━━━━━━━━━━━━━━━━━━━━━━━━━━━━━━━━━━━━━━━━━━━━━━━━━━━━━━━━━━━━━━
      test count: 6
          rt (s): 8.9768, 8.9731, 8.9805, 8.9901, 8.9764, 8.9826
     mean rt (s): 8.9799
   stddev rt (s): 0.0055
       95% ci rt: 0.0063 -> [8.9736, 8.9862]
     coeff ci rt: 0.0007007760548595901
            prod: 33419.4813, 33433.2616, 33405.7124, 33370.0404, 33420.9705, 33397.9026
       mean prod: 33407.8948

   usage cpu (%): 74.7330, 75.1354, 75.0486, 75.1110, 75.1006, 75.0902, 75.1180, 75.0972
    mean cpu (%): 75.0542

   usage mem (%): 13.7112, 13.7112, 13.7105, 13.7097, 13.7089, 13.7080, 13.7077, 13.7070
    mean mem (%): 13.7093
━━━━━━━━━━━━━━━━━━━━━━━━━━━━━━━━━━━━━━━━━━━━━━━━━━━━━━━━━━━━━━━━━━━━━━━━━━━━━━━━━━━━━━━━━━━━━━━━━━━━
━━━━━━━━━━━━━━━━━━━━━━━━━━━━━━━━━━━━━━━━━━━━━━━━━━━━━━━━━━━━━━━━━━━━━━━━━━━━━━━━━━━━━━━━━━━━━━━━━━━━
FINAL RESULTS
━━━━━━━━━━━━━━━━━━━━━━━━━━━━━━━━━━━━━━━━━━━━━━━━━━━━━━━━━━━━━━━━━━━━━━━━━━━━━━━━━━━━━━━━━━━━━━━━━━━━
RT
[8.9768, 8.9731, 8.9805, 8.9901, 8.9764, 8.9826]

CPU
[[74.66666666666666, 75.10407993338885, 75.02081598667777, 75.10407993338885, 75.08333333333333, 75.10407993338885, 75.10407993338885, 75.04159733777038], [74.81296758104739, 75.14595496246872, 75.02081598667777, 75.10407993338885, 75.10407993338885, 75.14546965918537, 75.10407993338885, 75.16666666666667], [74.77102414654455, 75.10407993338885, 75.10407993338885, 75.18734388009992, 75.10407993338885, 75.08333333333333, 75.10407993338885, 75.08333333333333], [74.5424292845258, 75.16666666666667, 75.02081598667777, 75.08333333333333, 75.12479201331115, 75.08333333333333, 75.08333333333333, 75.10407993338885], [74.81296758104739, 75.16666666666667, 75.04159733777038, 75.08333333333333, 75.10407993338885, 75.10407993338885, 75.18734388009992, 75.10407993338885], [74.79201331114808, 75.12479201331115, 75.08333333333333, 75.10407993338885, 75.08333333333333, 75.02081598667777, 75.12479201331115, 75.08333333333333]]

MEM
[[13.728210801072816, 13.728210801072816, 13.728210801072816, 13.728210801072816, 13.728210801072816, 13.728210801072816, 13.729444055001562, 13.729444055001562], [13.729444055001562, 13.729444055001562, 13.728015046480946, 13.721496418571865, 13.716739581989557, 13.7113367552541, 13.708028502651592, 13.703898080763254], [13.70170562933437, 13.70170562933437, 13.700472375405626, 13.702018836681361, 13.700785582752605, 13.702018836681361, 13.702018836681361, 13.702018836681361], [13.702018836681361, 13.702018836681361, 13.702018836681361, 13.702018836681361, 13.702018836681361, 13.702018836681361, 13.702018836681361, 13.702018836681361], [13.703252090610107, 13.702997609640677, 13.701725204793558, 13.701725204793558, 13.702958458722303, 13.70170562933437, 13.70170562933437, 13.70170562933437], [13.702821430508006, 13.702821430508006, 13.702762704130445, 13.702762704130445, 13.702762704130445, 13.702762704130445, 13.702762704130445, 13.702762704130445]]

━━━━━━━━━━━━━━━━━━━━━━━━━━━━━━━━━━━━━━━━━━━━━━━━━━━━━━━━━━━━━━━━━━━━━━━━━━━━━━━━━━━━━━━━━━━━━━━━━━━━
      test count: 6
          rt (s): 8.9768, 8.9731, 8.9805, 8.9901, 8.9764, 8.9826
     mean rt (s): 8.9799
   stddev rt (s): 0.0055
       95% ci rt: 0.0063 -> [8.9736, 8.9862]
     coeff ci rt: 0.0007007760548595901
            prod: 33419.4813, 33433.2616, 33405.7124, 33370.0404, 33420.9705, 33397.9026
       mean prod: 33407.8948

   usage cpu (%): 74.7330, 75.1354, 75.0486, 75.1110, 75.1006, 75.0902, 75.1180, 75.0972
    mean cpu (%): 75.0542

   usage mem (%): 13.7112, 13.7112, 13.7105, 13.7097, 13.7089, 13.7080, 13.7077, 13.7070
    mean mem (%): 13.7093
━━━━━━━━━━━━━━━━━━━━━━━━━━━━━━━━━━━━━━━━━━━━━━━━━━━━━━━━━━━━━━━━━━━━━━━━━━━━━━━━━━━━━━━━━━━━━━━━━━━━

