━━━━━━━━━━━━━━━━━━━━━━━━━━━━━━━━━━━━━━━━━━━━━━━━━━━━━━━━━━━━━━━━━━━━━━━━━━━━━━━━━━━━━━━━━━━━━━━━━━━━
perfoming 3 500000 prime load test with 9 threads
load 1: 17.9778s
load 2: 17.9912s
load 3: 17.9847s
━━━━━━━━━━━━━━━━━━━━━━━━━━━━━━━━━━━━━━━━━━━━━━━━━━━━━━━━━━━━━━━━━━━━━━━━━━━━━━━━━━━━━━━━━━━━━━━━━━━━
      test count: 3
          rt (s): 17.9778, 17.9912, 17.9847
     mean rt (s): 17.9846
   stddev rt (s): 0.0055
       95% ci rt: 0.0166 -> [17.9679, 18.0012]
     coeff ci rt: 0.0009255821712222313
            prod: 27812.0793, 27791.3647, 27801.4090
       mean prod: 27801.6177

   usage cpu (%): 74.7503, 75.0972, 75.0555, 75.0971, 75.0973, 75.0485, 75.1180, 75.0625, 75.0763, 75.0000, 75.0069, 75.0277, 75.0278, 75.0069, 75.0277, 75.0000, 75.0139
    mean cpu (%): 75.0302

   usage mem (%): 13.7191, 13.7191, 13.7191, 13.7191, 13.7183, 13.7167, 13.7166, 13.7148, 13.7148, 13.7137, 13.7137, 13.7123, 13.7111, 13.7111, 13.7111, 13.7107, 13.7107
    mean mem (%): 13.7148
━━━━━━━━━━━━━━━━━━━━━━━━━━━━━━━━━━━━━━━━━━━━━━━━━━━━━━━━━━━━━━━━━━━━━━━━━━━━━━━━━━━━━━━━━━━━━━━━━━━━
━━━━━━━━━━━━━━━━━━━━━━━━━━━━━━━━━━━━━━━━━━━━━━━━━━━━━━━━━━━━━━━━━━━━━━━━━━━━━━━━━━━━━━━━━━━━━━━━━━━━
FINAL RESULTS
━━━━━━━━━━━━━━━━━━━━━━━━━━━━━━━━━━━━━━━━━━━━━━━━━━━━━━━━━━━━━━━━━━━━━━━━━━━━━━━━━━━━━━━━━━━━━━━━━━━━
RT
[17.9778, 17.9912, 17.9847]

CPU
[[74.79201331114808, 75.08333333333333, 75.06234413965088, 75.0625521267723, 75.10407993338885, 75.04159733777038, 75.10407993338885, 75.02081598667777, 75.02081598667777, 75.0, 75.0, 75.02081598667777, 75.0625521267723, 74.9791492910759, 75.02081598667777, 75.0, 74.9791492910759], [74.68776019983348, 75.10407993338885, 75.08333333333333, 75.10407993338885, 75.0625521267723, 75.06234413965088, 75.16666666666667, 75.08333333333333, 75.02081598667777, 75.04159733777038, 75.0, 75.04159733777038, 75.0, 75.02081598667777, 75.02081598667777, 75.0, 75.04159733777038], [74.77102414654455, 75.10407993338885, 75.02081598667777, 75.12479201331115, 75.12520868113522, 75.04159733777038, 75.08333333333333, 75.08333333333333, 75.18734388009992, 74.95840266222962, 75.02081598667777, 75.02081598667777, 75.02081598667777, 75.02081598667777, 75.04159733777038, 75.0, 75.02081598667777]]

MEM
[[13.727075424440006, 13.727075424440006, 13.727075424440006, 13.727075424440006, 13.727075424440006, 13.727075424440006, 13.727075424440006, 13.727075424440006, 13.727075424440006, 13.727075424440006, 13.727075424440006, 13.727075424440006, 13.727075424440006, 13.727075424440006, 13.727075424440006, 13.727075424440006, 13.727075424440006], [13.72830867836875, 13.72830867836875, 13.72830867836875, 13.72830867836875, 13.725998774184745, 13.72108533392895, 13.720948305714643, 13.715565054438372, 13.715565054438372, 13.712080622703182, 13.712080622703182, 13.707989351733218, 13.704387467242917, 13.704387467242917, 13.704387467242917, 13.7031150623958, 13.7031150623958], [13.701881808467054, 13.701881808467054, 13.701881808467054, 13.701881808467054, 13.701881808467054, 13.701881808467054, 13.701881808467054, 13.701881808467054, 13.701881808467054, 13.701881808467054, 13.701881808467054, 13.701881808467054, 13.701881808467054, 13.701881808467054, 13.701881808467054, 13.701881808467054, 13.701881808467054]]

━━━━━━━━━━━━━━━━━━━━━━━━━━━━━━━━━━━━━━━━━━━━━━━━━━━━━━━━━━━━━━━━━━━━━━━━━━━━━━━━━━━━━━━━━━━━━━━━━━━━
      test count: 3
          rt (s): 17.9778, 17.9912, 17.9847
     mean rt (s): 17.9846
   stddev rt (s): 0.0055
       95% ci rt: 0.0166 -> [17.9679, 18.0012]
     coeff ci rt: 0.0009255821712222313
            prod: 27812.0793, 27791.3647, 27801.4090
       mean prod: 27801.6177

   usage cpu (%): 74.7503, 75.0972, 75.0555, 75.0971, 75.0973, 75.0485, 75.1180, 75.0625, 75.0763, 75.0000, 75.0069, 75.0277, 75.0278, 75.0069, 75.0277, 75.0000, 75.0139
    mean cpu (%): 75.0302

   usage mem (%): 13.7191, 13.7191, 13.7191, 13.7191, 13.7183, 13.7167, 13.7166, 13.7148, 13.7148, 13.7137, 13.7137, 13.7123, 13.7111, 13.7111, 13.7111, 13.7107, 13.7107
    mean mem (%): 13.7148
━━━━━━━━━━━━━━━━━━━━━━━━━━━━━━━━━━━━━━━━━━━━━━━━━━━━━━━━━━━━━━━━━━━━━━━━━━━━━━━━━━━━━━━━━━━━━━━━━━━━

