━━━━━━━━━━━━━━━━━━━━━━━━━━━━━━━━━━━━━━━━━━━━━━━━━━━━━━━━━━━━━━━━━━━━━━━━━━━━━━━━━━━━━━━━━━━━━━━━━━━━
perfoming 3 500000 prime load test with 9 threads
load 1: 17.9823s
load 2: 18.0053s
load 3: 18.0068s
━━━━━━━━━━━━━━━━━━━━━━━━━━━━━━━━━━━━━━━━━━━━━━━━━━━━━━━━━━━━━━━━━━━━━━━━━━━━━━━━━━━━━━━━━━━━━━━━━━━━
      test count: 3
          rt (s): 17.9823, 18.0053, 18.0068
     mean rt (s): 17.9981
   stddev rt (s): 0.0112
       95% ci rt: 0.0341 -> [17.9640, 18.0322]
     coeff ci rt: 0.00189539555167021
            prod: 27805.1195, 27769.6012, 27767.2879
       mean prod: 27780.6695

   usage cpu (%): 74.7640, 75.2012, 75.1667, 75.1387, 75.0625, 75.0694, 75.0972, 75.0695, 75.0417, 75.0277, 75.0000, 75.0139, 75.0277, 75.0278, 75.0139, 75.0486, 74.9723, 74.7289
    mean cpu (%): 75.0262

   usage mem (%): 13.6904, 13.6900, 13.6896, 13.6893, 13.6891, 13.6891, 13.6895, 13.6895, 13.6891, 13.6891, 13.6880, 13.6834, 13.6793, 13.6758, 13.6727, 13.6700, 13.6676, 13.6595
    mean mem (%): 13.6828
━━━━━━━━━━━━━━━━━━━━━━━━━━━━━━━━━━━━━━━━━━━━━━━━━━━━━━━━━━━━━━━━━━━━━━━━━━━━━━━━━━━━━━━━━━━━━━━━━━━━
load 4: 18.0108s
load 5: 17.9774s
load 6: 18.0104s
━━━━━━━━━━━━━━━━━━━━━━━━━━━━━━━━━━━━━━━━━━━━━━━━━━━━━━━━━━━━━━━━━━━━━━━━━━━━━━━━━━━━━━━━━━━━━━━━━━━━
      test count: 6
          rt (s): 17.9823, 18.0053, 18.0068, 18.0108, 17.9774, 18.0104
     mean rt (s): 17.9988
   stddev rt (s): 0.0136
       95% ci rt: 0.0157 -> [17.9832, 18.0145]
     coeff ci rt: 0.00087069586487541
            prod: 27805.1195, 27769.6012, 27767.2879, 27761.1211, 27812.6982, 27761.7377
       mean prod: 27779.5942

   usage cpu (%): 74.7677, 75.1561, 75.1042, 75.1249, 75.0868, 75.0729, 75.0902, 75.0764, 75.0694, 75.0173, 75.0000, 75.0035, 75.0312, 75.0243, 75.0243, 75.0278, 74.9931, 74.7289
    mean cpu (%): 75.0222

   usage mem (%): 13.6741, 13.6741, 13.6739, 13.6737, 13.6736, 13.6736, 13.6738, 13.6738, 13.6736, 13.6736, 13.6731, 13.6708, 13.6687, 13.6670, 13.6654, 13.6641, 13.6629, 13.6595
    mean mem (%): 13.6705
━━━━━━━━━━━━━━━━━━━━━━━━━━━━━━━━━━━━━━━━━━━━━━━━━━━━━━━━━━━━━━━━━━━━━━━━━━━━━━━━━━━━━━━━━━━━━━━━━━━━
━━━━━━━━━━━━━━━━━━━━━━━━━━━━━━━━━━━━━━━━━━━━━━━━━━━━━━━━━━━━━━━━━━━━━━━━━━━━━━━━━━━━━━━━━━━━━━━━━━━━
FINAL RESULTS
━━━━━━━━━━━━━━━━━━━━━━━━━━━━━━━━━━━━━━━━━━━━━━━━━━━━━━━━━━━━━━━━━━━━━━━━━━━━━━━━━━━━━━━━━━━━━━━━━━━━
RT
[17.9823, 18.0053, 18.0068, 18.0108, 17.9774, 18.0104]

CPU
[[74.68776019983348, 75.35387177352206, 75.33333333333333, 75.18734388009992, 75.02081598667777, 75.10407993338885, 75.08333333333333, 75.0625521267723, 75.04159733777038, 75.02081598667777, 75.0, 75.02081598667777, 75.04159733777038, 75.02081598667777, 75.0, 75.04159733777038, 74.93755203996669], [74.77102414654455, 75.12479201331115, 75.08333333333333, 75.10407993338885, 75.10407993338885, 75.02081598667777, 75.12479201331115, 75.08333333333333, 75.02081598667777, 75.04159733777038, 75.0, 75.02081598667777, 75.02081598667777, 75.08333333333333, 75.02081598667777, 75.04159733777038, 75.02081598667777], [74.83333333333333, 75.12479201331115, 75.08333333333333, 75.12479201331115, 75.0625521267723, 75.08333333333333, 75.08333333333333, 75.0625521267723, 75.0625521267723, 75.02081598667777, 75.0, 75.0, 75.02081598667777, 74.9791492910759, 75.02081598667777, 75.0625521267723, 74.95840266222962, 74.72894078398666], [74.79201331114808, 75.16666666666667, 75.02081598667777, 75.12479201331115, 75.08333333333333, 75.10407993338885, 75.04159733777038, 75.08333333333333, 75.08333333333333, 74.97921862011638, 75.02081598667777, 75.0, 75.02081598667777, 75.02081598667777, 75.02081598667777, 75.0, 75.02081598667777], [74.81296758104739, 75.08333333333333, 75.08333333333333, 75.08333333333333, 75.16666666666667, 75.04159733777038, 75.08333333333333, 75.08333333333333, 75.18734388009992, 75.0, 74.9791492910759, 75.02081598667777, 75.0625521267723, 75.02081598667777, 75.02081598667777, 75.02081598667777, 75.0], [74.70881863560732, 75.08333333333333, 75.02081598667777, 75.12479201331115, 75.08333333333333, 75.08333333333333, 75.12479201331115, 75.08333333333333, 75.02081598667777, 75.04159733777038, 75.0, 74.95840266222962, 75.02081598667777, 75.02081598667777, 75.0625521267723, 75.0, 75.02081598667777]]

MEM
[[13.749411023371728, 13.748334373116478, 13.748334373116478, 13.748334373116478, 13.748334373116478, 13.748334373116478, 13.748334373116478, 13.748334373116478, 13.748334373116478, 13.748334373116478, 13.745065271432333, 13.731166695409968, 13.719010335255188, 13.708380860916947, 13.699082517803395, 13.690939126781831, 13.683813659637966], [13.663572634839195, 13.6634160311657, 13.662241503614514, 13.660009901267255, 13.659383486573295, 13.659383486573295, 13.660616740502041, 13.660636315961227, 13.659403062032471, 13.659403062032471, 13.659403062032471, 13.659422637491659, 13.659422637491659, 13.659461788410033, 13.659461788410033, 13.659461788410033, 13.659481363869219], [13.658248109940473, 13.658248109940473, 13.658248109940473, 13.659481363869219, 13.659481363869219, 13.659481363869219, 13.659481363869219, 13.659481363869219, 13.659481363869219, 13.659481363869219, 13.659481363869219, 13.659481363869219, 13.659481363869219, 13.659481363869219, 13.659481363869219, 13.659481363869219, 13.659481363869219, 13.659481363869219], [13.658502590909904, 13.658502590909904, 13.658502590909904, 13.658502590909904, 13.658502590909904, 13.658502590909904, 13.658502590909904, 13.658502590909904, 13.658502590909904, 13.658502590909904, 13.658502590909904, 13.658502590909904, 13.658502590909904, 13.658502590909904, 13.658502590909904, 13.658502590909904, 13.658502590909904], [13.656779950501496, 13.658013204430242, 13.658013204430242, 13.658013204430242, 13.658013204430242, 13.658013204430242, 13.658013204430242, 13.658013204430242, 13.658013204430242, 13.658013204430242, 13.658013204430242, 13.658013204430242, 13.658013204430242, 13.658013204430242, 13.658013204430242, 13.658013204430242, 13.658013204430242], [13.657934902593494, 13.657934902593494, 13.657934902593494, 13.657934902593494, 13.657934902593494, 13.657934902593494, 13.657934902593494, 13.657934902593494, 13.657934902593494, 13.657934902593494, 13.657934902593494, 13.657934902593494, 13.657934902593494, 13.657934902593494, 13.657934902593494, 13.657934902593494, 13.657934902593494]]

━━━━━━━━━━━━━━━━━━━━━━━━━━━━━━━━━━━━━━━━━━━━━━━━━━━━━━━━━━━━━━━━━━━━━━━━━━━━━━━━━━━━━━━━━━━━━━━━━━━━
      test count: 6
          rt (s): 17.9823, 18.0053, 18.0068, 18.0108, 17.9774, 18.0104
     mean rt (s): 17.9988
   stddev rt (s): 0.0136
       95% ci rt: 0.0157 -> [17.9832, 18.0145]
     coeff ci rt: 0.00087069586487541
            prod: 27805.1195, 27769.6012, 27767.2879, 27761.1211, 27812.6982, 27761.7377
       mean prod: 27779.5942

   usage cpu (%): 74.7677, 75.1561, 75.1042, 75.1249, 75.0868, 75.0729, 75.0902, 75.0764, 75.0694, 75.0173, 75.0000, 75.0035, 75.0312, 75.0243, 75.0243, 75.0278, 74.9931, 74.7289
    mean cpu (%): 75.0222

   usage mem (%): 13.6741, 13.6741, 13.6739, 13.6737, 13.6736, 13.6736, 13.6738, 13.6738, 13.6736, 13.6736, 13.6731, 13.6708, 13.6687, 13.6670, 13.6654, 13.6641, 13.6629, 13.6595
    mean mem (%): 13.6705
━━━━━━━━━━━━━━━━━━━━━━━━━━━━━━━━━━━━━━━━━━━━━━━━━━━━━━━━━━━━━━━━━━━━━━━━━━━━━━━━━━━━━━━━━━━━━━━━━━━━

