━━━━━━━━━━━━━━━━━━━━━━━━━━━━━━━━━━━━━━━━━━━━━━━━━━━━━━━━━━━━━━━━━━━━━━━━━━━━━━━━━━━━━━━━━━━━━━━━━━━━
perfoming 3 800000 prime load test with 9 threads
load 1: 34.2277s
load 2: 34.1967s
load 3: 34.2765s
━━━━━━━━━━━━━━━━━━━━━━━━━━━━━━━━━━━━━━━━━━━━━━━━━━━━━━━━━━━━━━━━━━━━━━━━━━━━━━━━━━━━━━━━━━━━━━━━━━━━
      test count: 3
          rt (s): 34.2277, 34.1967, 34.2765
     mean rt (s): 34.2336
   stddev rt (s): 0.0328
       95% ci rt: 0.0999 -> [34.1337, 34.3336]
     coeff ci rt: 0.0029192238396947624
            prod: 23372.8822, 23394.0702, 23339.6059
       mean prod: 23368.8527

   usage cpu (%): 74.7085, 75.0694, 75.1110, 75.1041, 75.0972, 75.0902, 75.0763, 75.0624, 75.0347, 75.0278, 75.0070, 75.0000, 75.0347, 75.0555, 75.0000, 75.0069, 75.0208, 75.0277, 75.1041, 74.9931, 75.0139, 75.0139, 75.0208, 74.9931, 75.0417, 75.0208, 75.0069, 74.9930, 75.0277, 75.0416, 75.0555, 75.0208, 75.0139, 75.0139
    mean cpu (%): 75.0267

   usage mem (%): 13.6675, 13.6675, 13.6674, 13.6674, 13.6674, 13.6674, 13.6674, 13.6674, 13.6674, 13.6674, 13.6674, 13.6674, 13.6674, 13.6674, 13.6674, 13.6674, 13.6674, 13.6674, 13.6674, 13.6663, 13.6663, 13.6663, 13.6643, 13.6625, 13.6609, 13.6609, 13.6595, 13.6591, 13.6579, 13.6579, 13.6574, 13.6574, 13.6574, 13.6574
    mean mem (%): 13.6645
━━━━━━━━━━━━━━━━━━━━━━━━━━━━━━━━━━━━━━━━━━━━━━━━━━━━━━━━━━━━━━━━━━━━━━━━━━━━━━━━━━━━━━━━━━━━━━━━━━━━
load 4: 34.2109s
load 5: 34.2242s
load 6: 34.2146s
━━━━━━━━━━━━━━━━━━━━━━━━━━━━━━━━━━━━━━━━━━━━━━━━━━━━━━━━━━━━━━━━━━━━━━━━━━━━━━━━━━━━━━━━━━━━━━━━━━━━
      test count: 6
          rt (s): 34.2277, 34.1967, 34.2765, 34.2109, 34.2242, 34.2146
     mean rt (s): 34.2251
   stddev rt (s): 0.0251
       95% ci rt: 0.0288 -> [34.1963, 34.2539]
     coeff ci rt: 0.0008417446713057541
            prod: 23372.8822, 23394.0702, 23339.6059, 23384.3600, 23375.2725, 23381.8311
       mean prod: 23374.6703

   usage cpu (%): 74.7120, 75.0833, 75.0867, 75.1145, 75.1006, 75.0659, 75.0937, 75.0867, 75.0347, 75.0208, 75.0070, 75.0069, 75.0278, 75.0347, 75.0312, 75.0208, 75.0173, 75.0208, 75.0590, 75.0139, 75.0173, 75.0173, 75.0069, 75.0139, 75.0555, 75.0173, 75.0104, 75.0104, 75.0208, 75.0243, 75.0347, 75.0208, 75.0104, 75.0243
    mean cpu (%): 75.0271

   usage mem (%): 13.6626, 13.6626, 13.6625, 13.6625, 13.6625, 13.6625, 13.6625, 13.6625, 13.6625, 13.6625, 13.6625, 13.6625, 13.6625, 13.6625, 13.6625, 13.6625, 13.6625, 13.6625, 13.6625, 13.6620, 13.6620, 13.6620, 13.6609, 13.6600, 13.6592, 13.6592, 13.6585, 13.6583, 13.6577, 13.6577, 13.6575, 13.6575, 13.6575, 13.6575
    mean mem (%): 13.6610
━━━━━━━━━━━━━━━━━━━━━━━━━━━━━━━━━━━━━━━━━━━━━━━━━━━━━━━━━━━━━━━━━━━━━━━━━━━━━━━━━━━━━━━━━━━━━━━━━━━━
━━━━━━━━━━━━━━━━━━━━━━━━━━━━━━━━━━━━━━━━━━━━━━━━━━━━━━━━━━━━━━━━━━━━━━━━━━━━━━━━━━━━━━━━━━━━━━━━━━━━
FINAL RESULTS
━━━━━━━━━━━━━━━━━━━━━━━━━━━━━━━━━━━━━━━━━━━━━━━━━━━━━━━━━━━━━━━━━━━━━━━━━━━━━━━━━━━━━━━━━━━━━━━━━━━━
RT
[34.2277, 34.1967, 34.2765, 34.2109, 34.2242, 34.2146]

CPU
[[74.66666666666666, 75.02081598667777, 75.10407993338885, 75.10407993338885, 75.10407993338885, 75.08333333333333, 75.12479201331115, 75.04159733777038, 75.0, 75.02081598667777, 75.0625521267723, 74.95840266222962, 75.0, 75.12479201331115, 75.02081598667777, 75.02081598667777, 75.02081598667777, 75.02081598667777, 75.04173622704508, 75.0, 75.02081598667777, 75.0, 75.02081598667777, 74.95840266222962, 75.08333333333333, 75.02081598667777, 74.97921862011638, 74.9791492910759, 75.02081598667777, 75.02081598667777, 75.04159733777038, 75.02081598667777, 75.02081598667777, 75.0], [74.77102414654455, 75.08333333333333, 75.04159733777038, 75.10407993338885, 75.08333333333333, 75.10407993338885, 75.02081598667777, 75.10407993338885, 75.10407993338885, 75.0, 75.02081598667777, 75.02081598667777, 75.02081598667777, 75.02081598667777, 75.02081598667777, 75.0, 75.02081598667777, 75.04159733777038, 75.18734388009992, 75.02081598667777, 75.0, 75.02081598667777, 75.02081598667777, 75.0, 75.02081598667777, 75.02081598667777, 75.04159733777038, 74.9791492910759, 75.02081598667777, 75.06234413965088, 75.0, 75.04159733777038, 75.0, 75.02081598667777], [74.68776019983348, 75.10407993338885, 75.18734388009992, 75.10407993338885, 75.10407993338885, 75.08333333333333, 75.08333333333333, 75.04159733777038, 75.0, 75.0625521267723, 74.93755203996669, 75.02081598667777, 75.08333333333333, 75.02081598667777, 74.95840266222962, 75.0, 75.02081598667777, 75.02081598667777, 75.08333333333333, 74.95840266222962, 75.02081598667777, 75.02081598667777, 75.02081598667777, 75.02081598667777, 75.02081598667777, 75.02081598667777, 75.0, 75.02081598667777, 75.04159733777038, 75.04159733777038, 75.12479201331115, 75.0, 75.02081598667777, 75.02081598667777], [74.66666666666666, 75.08333333333333, 75.10407993338885, 75.10407993338885, 75.08333333333333, 75.12479201331115, 75.0625521267723, 75.12479201331115, 75.02081598667777, 75.06234413965088, 74.9791492910759, 75.02081598667777, 75.02081598667777, 75.0, 75.04159733777038, 75.02081598667777, 75.02081598667777, 75.0, 75.02081598667777, 75.0625521267723, 75.02081598667777, 75.0, 75.02081598667777, 75.02081598667777, 75.0, 75.02081598667777, 75.02081598667777, 75.02081598667777, 75.02081598667777, 75.0, 75.0, 75.02081598667777, 75.0, 75.04159733777038], [74.79201331114808, 75.10407993338885, 75.08333333333333, 75.08333333333333, 75.12479201331115, 75.0, 75.10407993338885, 75.12479201331115, 75.0625521267723, 75.02081598667777, 75.02081598667777, 75.02081598667777, 75.0, 75.02081598667777, 75.12479201331115, 75.0, 75.02081598667777, 75.02081598667777, 75.02081598667777, 75.02081598667777, 75.02081598667777, 75.02081598667777, 75.0, 75.02081598667777, 75.18734388009992, 75.0, 75.02081598667777, 75.02081598667777, 75.02081598667777, 74.95840266222962, 75.02081598667777, 75.02081598667777, 75.02081598667777, 75.02081598667777], [74.68776019983348, 75.10407993338885, 75.0, 75.18734388009992, 75.10407993338885, 75.0, 75.16666666666667, 75.08333333333333, 75.02081598667777, 74.95840266222962, 75.02081598667777, 75.0, 75.04159733777038, 75.02081598667777, 75.02081598667777, 75.08333333333333, 75.0, 75.02081598667777, 75.0, 75.02081598667777, 75.02081598667777, 75.04159733777038, 74.95840266222962, 75.0625521267723, 75.02081598667777, 75.02081598667777, 75.0, 75.04159733777038, 75.0, 75.06234413965088, 75.02081598667777, 75.02081598667777, 75.0, 75.04159733777038]]

MEM
[[13.684577102546235, 13.684577102546235, 13.684577102546235, 13.684577102546235, 13.684577102546235, 13.684577102546235, 13.684577102546235, 13.684577102546235, 13.684577102546235, 13.684577102546235, 13.684577102546235, 13.684577102546235, 13.684577102546235, 13.684577102546235, 13.684577102546235, 13.684577102546235, 13.684577102546235, 13.684577102546235, 13.684577102546235, 13.68144502907641, 13.68144502907641, 13.68144502907641, 13.675259183973498, 13.669836781778855, 13.665099520655733, 13.665099520655733, 13.660949523308208, 13.660949523308208, 13.657308487899533, 13.657308487899533, 13.655840328460545, 13.655840328460545, 13.655840328460545, 13.655840328460545], [13.658326411777221, 13.658326411777221, 13.658326411777221, 13.658326411777221, 13.658326411777221, 13.658326411777221, 13.658326411777221, 13.658326411777221, 13.658326411777221, 13.658326411777221, 13.658326411777221, 13.658326411777221, 13.658326411777221, 13.658326411777221, 13.658326411777221, 13.658326411777221, 13.658326411777221, 13.658326411777221, 13.658326411777221, 13.658326411777221, 13.658326411777221, 13.658326411777221, 13.658326411777221, 13.658326411777221, 13.658326411777221, 13.658326411777221, 13.658326411777221, 13.658326411777221, 13.658326411777221, 13.658326411777221, 13.658326411777221, 13.658326411777221, 13.658326411777221, 13.658326411777221], [13.65973584483865, 13.65973584483865, 13.659207307440614, 13.659207307440614, 13.659168156522238, 13.659168156522238, 13.659168156522238, 13.659168156522238, 13.659246458358986, 13.659246458358986, 13.659246458358986, 13.659246458358986, 13.659246458358986, 13.659246458358986, 13.659246458358986, 13.659246458358986, 13.659246458358986, 13.659246458358986, 13.659246458358986, 13.659246458358986, 13.659246458358986, 13.659246458358986, 13.659246458358986, 13.659246458358986, 13.659246458358986, 13.659246458358986, 13.659246458358986, 13.657993628971054, 13.657993628971054, 13.657993628971054, 13.657993628971054, 13.657993628971054, 13.657993628971054, 13.657993628971054], [13.657993628971054, 13.657993628971054, 13.657993628971054, 13.657993628971054, 13.657993628971054, 13.657993628971054, 13.657993628971054, 13.657993628971054, 13.657993628971054, 13.657993628971054, 13.657993628971054, 13.657993628971054, 13.657993628971054, 13.657993628971054, 13.657993628971054, 13.657993628971054, 13.657993628971054, 13.657993628971054, 13.6592268828998, 13.6592268828998, 13.6592268828998, 13.6592268828998, 13.6592268828998, 13.6592268828998, 13.6592268828998, 13.6592268828998, 13.6592268828998, 13.6592268828998, 13.6592268828998, 13.6592268828998, 13.6592268828998, 13.6592268828998, 13.6592268828998, 13.6592268828998], [13.657993628971054, 13.657993628971054, 13.657993628971054, 13.657993628971054, 13.657993628971054, 13.657993628971054, 13.657993628971054, 13.657993628971054, 13.657993628971054, 13.657993628971054, 13.657993628971054, 13.657993628971054, 13.657993628971054, 13.657993628971054, 13.657993628971054, 13.657993628971054, 13.657993628971054, 13.657993628971054, 13.65676037504231, 13.65676037504231, 13.65676037504231, 13.65676037504231, 13.65676037504231, 13.65676037504231, 13.65676037504231, 13.65676037504231, 13.65676037504231, 13.65676037504231, 13.65676037504231, 13.65676037504231, 13.65676037504231, 13.65676037504231, 13.65676037504231, 13.65676037504231], [13.65676037504231, 13.65676037504231, 13.65676037504231, 13.65676037504231, 13.65676037504231, 13.65676037504231, 13.65676037504231, 13.65676037504231, 13.65676037504231, 13.65676037504231, 13.65676037504231, 13.65676037504231, 13.65676037504231, 13.65676037504231, 13.65676037504231, 13.65676037504231, 13.65676037504231, 13.65676037504231, 13.65676037504231, 13.65676037504231, 13.65676037504231, 13.65676037504231, 13.65676037504231, 13.65676037504231, 13.65676037504231, 13.65676037504231, 13.65676037504231, 13.65676037504231, 13.65676037504231, 13.65676037504231, 13.65676037504231, 13.65676037504231, 13.65676037504231, 13.65676037504231]]

━━━━━━━━━━━━━━━━━━━━━━━━━━━━━━━━━━━━━━━━━━━━━━━━━━━━━━━━━━━━━━━━━━━━━━━━━━━━━━━━━━━━━━━━━━━━━━━━━━━━
      test count: 6
          rt (s): 34.2277, 34.1967, 34.2765, 34.2109, 34.2242, 34.2146
     mean rt (s): 34.2251
   stddev rt (s): 0.0251
       95% ci rt: 0.0288 -> [34.1963, 34.2539]
     coeff ci rt: 0.0008417446713057541
            prod: 23372.8822, 23394.0702, 23339.6059, 23384.3600, 23375.2725, 23381.8311
       mean prod: 23374.6703

   usage cpu (%): 74.7120, 75.0833, 75.0867, 75.1145, 75.1006, 75.0659, 75.0937, 75.0867, 75.0347, 75.0208, 75.0070, 75.0069, 75.0278, 75.0347, 75.0312, 75.0208, 75.0173, 75.0208, 75.0590, 75.0139, 75.0173, 75.0173, 75.0069, 75.0139, 75.0555, 75.0173, 75.0104, 75.0104, 75.0208, 75.0243, 75.0347, 75.0208, 75.0104, 75.0243
    mean cpu (%): 75.0271

   usage mem (%): 13.6626, 13.6626, 13.6625, 13.6625, 13.6625, 13.6625, 13.6625, 13.6625, 13.6625, 13.6625, 13.6625, 13.6625, 13.6625, 13.6625, 13.6625, 13.6625, 13.6625, 13.6625, 13.6625, 13.6620, 13.6620, 13.6620, 13.6609, 13.6600, 13.6592, 13.6592, 13.6585, 13.6583, 13.6577, 13.6577, 13.6575, 13.6575, 13.6575, 13.6575
    mean mem (%): 13.6610
━━━━━━━━━━━━━━━━━━━━━━━━━━━━━━━━━━━━━━━━━━━━━━━━━━━━━━━━━━━━━━━━━━━━━━━━━━━━━━━━━━━━━━━━━━━━━━━━━━━━

