━━━━━━━━━━━━━━━━━━━━━━━━━━━━━━━━━━━━━━━━━━━━━━━━━━━━━━━━━━━━━━━━━━━━━━━━━━━━━━━━━━━━━━━━━━━━━━━━━━━━
perfoming 3 800000 prime load test with 12 threads
load 1: 32.5763s
load 2: 32.5556s
load 3: 32.5600s
━━━━━━━━━━━━━━━━━━━━━━━━━━━━━━━━━━━━━━━━━━━━━━━━━━━━━━━━━━━━━━━━━━━━━━━━━━━━━━━━━━━━━━━━━━━━━━━━━━━━
      test count: 3
          rt (s): 32.5763, 32.5556, 32.5600
     mean rt (s): 32.5640
   stddev rt (s): 0.0089
       95% ci rt: 0.0271 -> [32.5369, 32.5911]
     coeff ci rt: 0.0008319014920425634
            prod: 24557.7306, 24573.3453, 24570.0246
       mean prod: 24567.0335

   usage cpu (%): 99.4165, 100.0000, 100.0000, 100.0000, 100.0000, 100.0000, 100.0000, 100.0000, 100.0000, 100.0000, 100.0000, 100.0000, 100.0000, 100.0000, 100.0000, 100.0000, 100.0000, 100.0000, 100.0000, 100.0000, 100.0000, 100.0000, 100.0000, 100.0000, 100.0000, 100.0000, 100.0000, 100.0000, 100.0000, 100.0000, 100.0000, 100.0000
    mean cpu (%): 99.9818

   usage mem (%): 13.7091, 13.7091, 13.7091, 13.7091, 13.7091, 13.7091, 13.7091, 13.7091, 13.7091, 13.7091, 13.7091, 13.7091, 13.7091, 13.7070, 13.7047, 13.7032, 13.7015, 13.7005, 13.6992, 13.6990, 13.6989, 13.6989, 13.6989, 13.6989, 13.6989, 13.6993, 13.6971, 13.6971, 13.6967, 13.6971, 13.6967, 13.6967
    mean mem (%): 13.7034
━━━━━━━━━━━━━━━━━━━━━━━━━━━━━━━━━━━━━━━━━━━━━━━━━━━━━━━━━━━━━━━━━━━━━━━━━━━━━━━━━━━━━━━━━━━━━━━━━━━━
━━━━━━━━━━━━━━━━━━━━━━━━━━━━━━━━━━━━━━━━━━━━━━━━━━━━━━━━━━━━━━━━━━━━━━━━━━━━━━━━━━━━━━━━━━━━━━━━━━━━
FINAL RESULTS
━━━━━━━━━━━━━━━━━━━━━━━━━━━━━━━━━━━━━━━━━━━━━━━━━━━━━━━━━━━━━━━━━━━━━━━━━━━━━━━━━━━━━━━━━━━━━━━━━━━━
RT
[32.5763, 32.5556, 32.56]

CPU
[[99.50041631973356, 100.0, 100.0, 100.0, 100.0, 100.0, 100.0, 100.0, 100.0, 100.0, 100.0, 100.0, 100.0, 100.0, 100.0, 100.0, 100.0, 100.0, 100.0, 100.0, 100.0, 100.0, 100.0, 100.0, 100.0, 100.0, 100.0, 100.0, 100.0, 100.0, 100.0, 100.0], [99.33333333333333, 100.0, 100.0, 100.0, 100.0, 100.0, 100.0, 100.0, 100.0, 100.0, 100.0, 100.0, 100.0, 100.0, 100.0, 100.0, 100.0, 100.0, 100.0, 100.0, 100.0, 100.0, 100.0, 100.0, 100.0, 100.0, 100.0, 100.0, 100.0, 100.0, 100.0, 100.0], [99.41569282136895, 100.0, 100.0, 100.0, 100.0, 100.0, 100.0, 100.0, 100.0, 100.0, 100.0, 100.0, 100.0, 100.0, 100.0, 100.0, 100.0, 100.0, 100.0, 100.0, 100.0, 100.0, 100.0, 100.0, 100.0, 100.0, 100.0, 100.0, 100.0, 100.0, 100.0, 100.0]]

MEM
[[13.73375065602258, 13.73375065602258, 13.73375065602258, 13.73375065602258, 13.73375065602258, 13.73375065602258, 13.73375065602258, 13.73375065602258, 13.73375065602258, 13.73375065602258, 13.73375065602258, 13.73375065602258, 13.73375065602258, 13.727427782705359, 13.72071340020441, 13.716250195509893, 13.711101849743867, 13.708028502651592, 13.704093835355124, 13.703506571579528, 13.70329124152847, 13.70329124152847, 13.70329124152847, 13.70329124152847, 13.70329124152847, 13.704524495457227, 13.697751386578716, 13.697829688415464, 13.696616009945895, 13.69784926387464, 13.696635585405081, 13.696635585405081], [13.69671388724183, 13.69671388724183, 13.69671388724183, 13.69671388724183, 13.69671388724183, 13.69671388724183, 13.69671388724183, 13.69671388724183, 13.69671388724183, 13.69671388724183, 13.69671388724183, 13.69671388724183, 13.69671388724183, 13.69671388724183, 13.69671388724183, 13.69671388724183, 13.69671388724183, 13.69671388724183, 13.69671388724183, 13.69671388724183, 13.69671388724183, 13.69671388724183, 13.69671388724183, 13.69671388724183, 13.69671388724183, 13.69671388724183, 13.69671388724183, 13.69671388724183, 13.69671388724183, 13.69671388724183, 13.69671388724183, 13.69671388724183], [13.69671388724183, 13.69671388724183, 13.69671388724183, 13.69671388724183, 13.69671388724183, 13.69671388724183, 13.69671388724183, 13.69671388724183, 13.69671388724183, 13.69671388724183, 13.69671388724183, 13.69671388724183, 13.69671388724183, 13.69671388724183, 13.69671388724183, 13.69671388724183, 13.69671388724183, 13.69671388724183, 13.69671388724183, 13.69671388724183, 13.69671388724183, 13.69671388724183, 13.69671388724183, 13.69671388724183, 13.69671388724183, 13.69671388724183, 13.69671388724183, 13.69671388724183, 13.69671388724183, 13.69671388724183, 13.69671388724183, 13.69671388724183]]

━━━━━━━━━━━━━━━━━━━━━━━━━━━━━━━━━━━━━━━━━━━━━━━━━━━━━━━━━━━━━━━━━━━━━━━━━━━━━━━━━━━━━━━━━━━━━━━━━━━━
      test count: 3
          rt (s): 32.5763, 32.5556, 32.5600
     mean rt (s): 32.5640
   stddev rt (s): 0.0089
       95% ci rt: 0.0271 -> [32.5369, 32.5911]
     coeff ci rt: 0.0008319014920425634
            prod: 24557.7306, 24573.3453, 24570.0246
       mean prod: 24567.0335

   usage cpu (%): 99.4165, 100.0000, 100.0000, 100.0000, 100.0000, 100.0000, 100.0000, 100.0000, 100.0000, 100.0000, 100.0000, 100.0000, 100.0000, 100.0000, 100.0000, 100.0000, 100.0000, 100.0000, 100.0000, 100.0000, 100.0000, 100.0000, 100.0000, 100.0000, 100.0000, 100.0000, 100.0000, 100.0000, 100.0000, 100.0000, 100.0000, 100.0000
    mean cpu (%): 99.9818

   usage mem (%): 13.7091, 13.7091, 13.7091, 13.7091, 13.7091, 13.7091, 13.7091, 13.7091, 13.7091, 13.7091, 13.7091, 13.7091, 13.7091, 13.7070, 13.7047, 13.7032, 13.7015, 13.7005, 13.6992, 13.6990, 13.6989, 13.6989, 13.6989, 13.6989, 13.6989, 13.6993, 13.6971, 13.6971, 13.6967, 13.6971, 13.6967, 13.6967
    mean mem (%): 13.7034
━━━━━━━━━━━━━━━━━━━━━━━━━━━━━━━━━━━━━━━━━━━━━━━━━━━━━━━━━━━━━━━━━━━━━━━━━━━━━━━━━━━━━━━━━━━━━━━━━━━━

