━━━━━━━━━━━━━━━━━━━━━━━━━━━━━━━━━━━━━━━━━━━━━━━━━━━━━━━━━━━━━━━━━━━━━━━━━━━━━━━━━━━━━━━━━━━━━━━━━━━━
perfoming 3 800000 prime load test with 9 threads
load 1: 34.2206s
load 2: 34.2708s
load 3: 34.2054s
━━━━━━━━━━━━━━━━━━━━━━━━━━━━━━━━━━━━━━━━━━━━━━━━━━━━━━━━━━━━━━━━━━━━━━━━━━━━━━━━━━━━━━━━━━━━━━━━━━━━
      test count: 3
          rt (s): 34.2206, 34.2708, 34.2054
     mean rt (s): 34.2323
   stddev rt (s): 0.0279
       95% ci rt: 0.0850 -> [34.1472, 34.3173]
     coeff ci rt: 0.002483634464578144
            prod: 23377.7315, 23343.4878, 23388.1200
       mean prod: 23369.7798

   usage cpu (%): 74.7222, 75.1041, 75.0764, 75.1318, 75.0902, 75.0486, 75.0972, 75.1180, 75.0347, 75.0208, 75.0208, 75.0347, 75.0069, 75.0486, 75.0139, 75.0278, 74.8731, 74.9440, 75.0347, 75.0208, 75.0278, 75.0000, 75.0763, 74.9931, 75.0278, 75.0139, 75.0139, 75.0347, 75.0139, 75.0208, 75.0347, 75.0139, 75.0416, 75.0347
    mean cpu (%): 75.0240

   usage mem (%): 13.7085, 13.7085, 13.7085, 13.7085, 13.7085, 13.7085, 13.7085, 13.7085, 13.7085, 13.7085, 13.7085, 13.7085, 13.7085, 13.7085, 13.7085, 13.7070, 13.7052, 13.7040, 13.7026, 13.7014, 13.7007, 13.7003, 13.7003, 13.7003, 13.7003, 13.7003, 13.7003, 13.7003, 13.7003, 13.7003, 13.7003, 13.7003, 13.7003, 13.7003
    mean mem (%): 13.7045
━━━━━━━━━━━━━━━━━━━━━━━━━━━━━━━━━━━━━━━━━━━━━━━━━━━━━━━━━━━━━━━━━━━━━━━━━━━━━━━━━━━━━━━━━━━━━━━━━━━━
load 4: 34.2293s
load 5: 34.3251s
load 6: 34.2106s
━━━━━━━━━━━━━━━━━━━━━━━━━━━━━━━━━━━━━━━━━━━━━━━━━━━━━━━━━━━━━━━━━━━━━━━━━━━━━━━━━━━━━━━━━━━━━━━━━━━━
      test count: 6
          rt (s): 34.2206, 34.2708, 34.2054, 34.2293, 34.3251, 34.2106
     mean rt (s): 34.2436
   stddev rt (s): 0.0422
       95% ci rt: 0.0485 -> [34.1952, 34.2921]
     coeff ci rt: 0.001415295859117969
            prod: 23377.7315, 23343.4878, 23388.1200, 23371.7897, 23306.5599, 23384.5650
       mean prod: 23362.0423

   usage cpu (%): 74.7605, 75.0972, 75.0798, 75.1248, 75.0937, 75.0694, 75.1111, 75.1319, 75.0312, 75.0035, 75.0208, 75.0312, 75.0104, 75.0347, 75.0174, 75.0312, 74.9470, 74.9824, 75.0312, 75.0208, 75.0139, 75.0139, 75.0451, 75.0139, 75.0312, 75.0208, 75.0139, 75.0278, 75.0382, 75.0208, 75.0277, 75.0139, 75.0243, 75.0347
    mean cpu (%): 75.0285

   usage mem (%): 13.7040, 13.7040, 13.7040, 13.7040, 13.7040, 13.7040, 13.7040, 13.7040, 13.7042, 13.7042, 13.7042, 13.7042, 13.7042, 13.7042, 13.7042, 13.7035, 13.7026, 13.7020, 13.7013, 13.7006, 13.7003, 13.7001, 13.7001, 13.7001, 13.7001, 13.7001, 13.7001, 13.7001, 13.7001, 13.6999, 13.6999, 13.6999, 13.6999, 13.6999
    mean mem (%): 13.7021
━━━━━━━━━━━━━━━━━━━━━━━━━━━━━━━━━━━━━━━━━━━━━━━━━━━━━━━━━━━━━━━━━━━━━━━━━━━━━━━━━━━━━━━━━━━━━━━━━━━━
load 7: 34.2182s
load 8: 34.2113s
load 9: 34.2135s
━━━━━━━━━━━━━━━━━━━━━━━━━━━━━━━━━━━━━━━━━━━━━━━━━━━━━━━━━━━━━━━━━━━━━━━━━━━━━━━━━━━━━━━━━━━━━━━━━━━━
      test count: 9
          rt (s): 34.2206, 34.2708, 34.2054, 34.2293, 34.3251, 34.2106, 34.2182, 34.2113, 34.2135
     mean rt (s): 34.2339
   stddev rt (s): 0.0371
       95% ci rt: 0.0303 -> [34.2036, 34.2641]
     coeff ci rt: 0.0008841938009920194
            prod: 23377.7315, 23343.4878, 23388.1200, 23371.7897, 23306.5599, 23384.5650, 23379.3712, 23384.0865, 23382.5829
       mean prod: 23368.6994

   usage cpu (%): 74.7640, 75.1018, 75.0764, 75.1179, 75.0949, 75.0671, 75.1110, 75.1250, 75.0370, 75.0139, 75.0185, 75.0231, 75.0208, 75.0416, 75.0162, 75.0324, 74.9831, 74.9975, 75.0324, 75.0254, 75.0139, 75.0208, 75.0601, 75.0139, 75.0301, 75.0185, 75.0162, 75.0347, 75.0278, 75.0301, 75.0254, 75.0185, 74.9928, 75.0347
    mean cpu (%): 75.0305

   usage mem (%): 13.7029, 13.7029, 13.7029, 13.7029, 13.7029, 13.7029, 13.7029, 13.7029, 13.7031, 13.7031, 13.7031, 13.7031, 13.7031, 13.7031, 13.7031, 13.7025, 13.7020, 13.7016, 13.7011, 13.7007, 13.7005, 13.7003, 13.7003, 13.7003, 13.7003, 13.7003, 13.7003, 13.7003, 13.7003, 13.7002, 13.7002, 13.7002, 13.7002, 13.7002
    mean mem (%): 13.7017
━━━━━━━━━━━━━━━━━━━━━━━━━━━━━━━━━━━━━━━━━━━━━━━━━━━━━━━━━━━━━━━━━━━━━━━━━━━━━━━━━━━━━━━━━━━━━━━━━━━━
━━━━━━━━━━━━━━━━━━━━━━━━━━━━━━━━━━━━━━━━━━━━━━━━━━━━━━━━━━━━━━━━━━━━━━━━━━━━━━━━━━━━━━━━━━━━━━━━━━━━
FINAL RESULTS
━━━━━━━━━━━━━━━━━━━━━━━━━━━━━━━━━━━━━━━━━━━━━━━━━━━━━━━━━━━━━━━━━━━━━━━━━━━━━━━━━━━━━━━━━━━━━━━━━━━━
RT
[34.2206, 34.2708, 34.2054, 34.2293, 34.3251, 34.2106, 34.2182, 34.2113, 34.2135]

CPU
[[74.72894078398666, 75.08333333333333, 75.08333333333333, 75.18734388009992, 75.08333333333333, 75.08333333333333, 75.10407993338885, 75.10407993338885, 75.02081598667777, 75.02081598667777, 75.02081598667777, 75.02081598667777, 75.02081598667777, 75.02081598667777, 75.04173622704508, 75.0, 75.02081598667777, 75.02081598667777, 75.02081598667777, 75.02081598667777, 75.0, 75.02081598667777, 75.04159733777038, 75.02081598667777, 75.0, 75.02081598667777, 75.02081598667777, 75.08333333333333, 74.9791492910759, 75.02081598667777, 75.06234413965088, 75.02081598667777, 75.0, 75.0], [74.66666666666666, 75.12479201331115, 75.0625521267723, 75.12479201331115, 75.08333333333333, 75.02081598667777, 75.10407993338885, 75.08333333333333, 75.08333333333333, 75.02081598667777, 75.04159733777038, 75.0, 75.0, 75.08333333333333, 74.95840266222962, 75.08333333333333, 74.5777027027027, 74.81108312342569, 75.0625521267723, 75.02081598667777, 75.02081598667777, 75.02081598667777, 75.10407993338885, 75.02081598667777, 75.0, 75.0625521267723, 75.0, 75.0, 75.04159733777038, 75.02081598667777, 75.02081598667777, 75.0, 75.10407993338885, 75.08333333333333], [74.77102414654455, 75.10407993338885, 75.08333333333333, 75.08333333333333, 75.10407993338885, 75.04159733777038, 75.08333333333333, 75.16666666666667, 75.0, 75.02081598667777, 75.0, 75.08333333333333, 75.0, 75.04159733777038, 75.04159733777038, 75.0, 75.02081598667777, 75.0, 75.02081598667777, 75.02081598667777, 75.0625521267723, 74.95840266222962, 75.08333333333333, 74.93755203996669, 75.08333333333333, 74.95840266222962, 75.02081598667777, 75.02081598667777, 75.02081598667777, 75.02081598667777, 75.02081598667777, 75.02081598667777, 75.02081598667777, 75.02081598667777], [74.75, 75.10407993338885, 75.08333333333333, 75.10407993338885, 75.12479201331115, 75.08333333333333, 75.14595496246872, 75.25, 75.04159733777038, 74.9791492910759, 75.02081598667777, 75.02081598667777, 75.0, 75.0, 75.04159733777038, 75.0625521267723, 75.12479201331115, 75.0, 75.02081598667777, 75.02081598667777, 75.0, 75.02081598667777, 75.0, 75.02081598667777, 75.04159733777038, 74.9791492910759, 75.02081598667777, 75.02081598667777, 75.02081598667777, 75.02081598667777, 75.02081598667777, 75.0, 75.0, 75.08333333333333], [74.77102414654455, 75.08333333333333, 75.04159733777038, 75.14546965918537, 75.08333333333333, 75.10407993338885, 75.10407993338885, 75.10407993338885, 75.02081598667777, 75.0, 75.02081598667777, 75.04159733777038, 75.02081598667777, 75.04159733777038, 75.02081598667777, 75.0, 74.95840266222962, 75.02081598667777, 75.02081598667777, 75.02081598667777, 75.02081598667777, 75.02081598667777, 75.02081598667777, 75.08333333333333, 75.02081598667777, 75.06234413965088, 74.9791492910759, 75.02081598667777, 75.16666666666667, 75.02081598667777, 75.02081598667777, 75.04159733777038, 75.02081598667777, 75.0], [74.87520798668885, 75.08333333333333, 75.12479201331115, 75.10407993338885, 75.08333333333333, 75.08333333333333, 75.12479201331115, 75.08333333333333, 75.02081598667777, 74.9791492910759, 75.02081598667777, 75.02081598667777, 75.02081598667777, 75.02081598667777, 75.0, 75.04159733777038, 74.97921862011638, 75.04173622704508, 75.04159733777038, 75.02081598667777, 74.9791492910759, 75.04159733777038, 75.02081598667777, 75.0, 75.04159733777038, 75.04159733777038, 75.04159733777038, 75.02081598667777, 75.0, 75.02081598667777, 75.02081598667777, 75.0, 75.0, 75.02081598667777], [74.75, 75.16666666666667, 75.04159733777038, 75.08333333333333, 75.10407993338885, 75.08333333333333, 75.08333333333333, 75.14595496246872, 75.10407993338885, 75.0625521267723, 75.02081598667777, 75.02081598667777, 75.08333333333333, 75.04159733777038, 75.0, 75.0625521267723, 75.02081598667777, 75.04159733777038, 75.02081598667777, 75.0625521267723, 75.02081598667777, 75.02081598667777, 75.18734388009992, 75.0, 75.0, 75.0, 75.02081598667777, 75.04159733777038, 75.02081598667777, 75.0, 75.0, 75.10407993338885, 75.0, 75.02081598667777], [74.77102414654455, 75.12479201331115, 75.0625521267723, 75.12479201331115, 75.08333333333333, 75.02081598667777, 75.12479201331115, 75.08333333333333, 75.02081598667777, 75.02081598667777, 75.0, 75.0, 75.02081598667777, 75.04159733777038, 75.04159733777038, 75.0, 75.10407993338885, 75.02081598667777, 75.0, 75.04159733777038, 75.0, 75.04159733777038, 75.02081598667777, 75.0, 75.02081598667777, 75.02081598667777, 75.02081598667777, 75.02081598667777, 75.02081598667777, 75.06234413965088, 75.04159733777038, 74.97921862011638, 74.74747474747474, 75.02081598667777], [74.79201331114808, 75.04159733777038, 75.10407993338885, 75.10407993338885, 75.10407993338885, 75.08333333333333, 75.12479201331115, 75.10407993338885, 75.02081598667777, 75.02081598667777, 75.02081598667777, 75.0, 75.02081598667777, 75.08333333333333, 75.0, 75.04159733777038, 75.04159733777038, 75.02081598667777, 75.08333333333333, 75.0, 75.02081598667777, 75.04159733777038, 75.06234413965088, 75.04159733777038, 75.0625521267723, 75.02081598667777, 75.02081598667777, 75.08333333333333, 74.97921862011638, 75.08333333333333, 75.02081598667777, 75.0, 75.04159733777038, 75.0625521267723]]

MEM
[[13.725411510409158, 13.725411510409158, 13.725411510409158, 13.725411510409158, 13.725411510409158, 13.725411510409158, 13.725411510409158, 13.725411510409158, 13.725411510409158, 13.725411510409158, 13.725411510409158, 13.725411510409158, 13.725411510409158, 13.725411510409158, 13.725411510409158, 13.720811277500344, 13.71544760168325, 13.711865292652137, 13.707617418008677, 13.703917656222442, 13.701960110303801, 13.700726856375056, 13.700726856375056, 13.700726856375056, 13.700726856375056, 13.700726856375056, 13.700726856375056, 13.700726856375056, 13.700726856375056, 13.700726856375056, 13.700726856375056, 13.700726856375056, 13.700726856375056, 13.700726856375056], [13.700726856375056, 13.700726856375056, 13.700726856375056, 13.700726856375056, 13.700726856375056, 13.700726856375056, 13.700726856375056, 13.700726856375056, 13.700726856375056, 13.700726856375056, 13.700726856375056, 13.700726856375056, 13.700726856375056, 13.700726856375056, 13.700726856375056, 13.700726856375056, 13.700726856375056, 13.700726856375056, 13.700726856375056, 13.700726856375056, 13.700726856375056, 13.700726856375056, 13.700726856375056, 13.700726856375056, 13.700726856375056, 13.700726856375056, 13.700726856375056, 13.700726856375056, 13.700726856375056, 13.700726856375056, 13.700726856375056, 13.700726856375056, 13.700726856375056, 13.700726856375056], [13.69949360244631, 13.69949360244631, 13.69949360244631, 13.69949360244631, 13.69949360244631, 13.69949360244631, 13.69949360244631, 13.69949360244631, 13.69949360244631, 13.69949360244631, 13.69949360244631, 13.69949360244631, 13.69949360244631, 13.69949360244631, 13.69949360244631, 13.69949360244631, 13.69949360244631, 13.69949360244631, 13.69949360244631, 13.69949360244631, 13.69949360244631, 13.69949360244631, 13.69949360244631, 13.69949360244631, 13.69949360244631, 13.69949360244631, 13.69949360244631, 13.69949360244631, 13.69949360244631, 13.69949360244631, 13.69949360244631, 13.69949360244631, 13.69949360244631, 13.69949360244631], [13.69949360244631, 13.69949360244631, 13.69949360244631, 13.69949360244631, 13.69949360244631, 13.69949360244631, 13.69949360244631, 13.69949360244631, 13.700726856375056, 13.700726856375056, 13.700726856375056, 13.700726856375056, 13.700726856375056, 13.700726856375056, 13.700726856375056, 13.700726856375056, 13.700726856375056, 13.700726856375056, 13.700726856375056, 13.700726856375056, 13.700726856375056, 13.700726856375056, 13.700726856375056, 13.700726856375056, 13.700726856375056, 13.700726856375056, 13.700726856375056, 13.700726856375056, 13.700726856375056, 13.69949360244631, 13.69949360244631, 13.69949360244631, 13.69949360244631, 13.69949360244631], [13.69949360244631, 13.69949360244631, 13.69949360244631, 13.69949360244631, 13.69949360244631, 13.69949360244631, 13.69949360244631, 13.69949360244631, 13.69949360244631, 13.69949360244631, 13.69949360244631, 13.69949360244631, 13.69949360244631, 13.69949360244631, 13.69949360244631, 13.69949360244631, 13.69949360244631, 13.69949360244631, 13.69949360244631, 13.69949360244631, 13.69949360244631, 13.69949360244631, 13.69949360244631, 13.69949360244631, 13.69949360244631, 13.69949360244631, 13.69949360244631, 13.69949360244631, 13.69949360244631, 13.69949360244631, 13.69949360244631, 13.69949360244631, 13.69949360244631, 13.69949360244631], [13.69949360244631, 13.69949360244631, 13.69949360244631, 13.69949360244631, 13.69949360244631, 13.69949360244631, 13.69949360244631, 13.69949360244631, 13.69949360244631, 13.69949360244631, 13.69949360244631, 13.69949360244631, 13.69949360244631, 13.69949360244631, 13.69949360244631, 13.69949360244631, 13.69949360244631, 13.69949360244631, 13.69949360244631, 13.69949360244631, 13.69949360244631, 13.69949360244631, 13.69949360244631, 13.69949360244631, 13.69949360244631, 13.69949360244631, 13.69949360244631, 13.69949360244631, 13.69949360244631, 13.69949360244631, 13.69949360244631, 13.69949360244631, 13.69949360244631, 13.69949360244631], [13.700726856375056, 13.700726856375056, 13.700726856375056, 13.700726856375056, 13.700726856375056, 13.700726856375056, 13.700726856375056, 13.700726856375056, 13.700726856375056, 13.700726856375056, 13.700726856375056, 13.700726856375056, 13.700726856375056, 13.700726856375056, 13.700726856375056, 13.700726856375056, 13.700726856375056, 13.700726856375056, 13.700726856375056, 13.700726856375056, 13.700726856375056, 13.700726856375056, 13.700726856375056, 13.700726856375056, 13.700726856375056, 13.700726856375056, 13.700726856375056, 13.700726856375056, 13.700726856375056, 13.700726856375056, 13.700726856375056, 13.700726856375056, 13.700726856375056, 13.700726856375056], [13.700726856375056, 13.700726856375056, 13.700726856375056, 13.700726856375056, 13.700726856375056, 13.700726856375056, 13.700726856375056, 13.700726856375056, 13.700726856375056, 13.700726856375056, 13.700726856375056, 13.700726856375056, 13.700726856375056, 13.700726856375056, 13.700726856375056, 13.700726856375056, 13.700726856375056, 13.700726856375056, 13.700726856375056, 13.700726856375056, 13.700726856375056, 13.700726856375056, 13.700726856375056, 13.700726856375056, 13.700726856375056, 13.700726856375056, 13.700726856375056, 13.700726856375056, 13.700726856375056, 13.700726856375056, 13.700726856375056, 13.700726856375056, 13.700726856375056, 13.700726856375056], [13.700726856375056, 13.700726856375056, 13.700726856375056, 13.700726856375056, 13.700726856375056, 13.700726856375056, 13.700726856375056, 13.700726856375056, 13.700726856375056, 13.700726856375056, 13.700726856375056, 13.700726856375056, 13.700726856375056, 13.700726856375056, 13.700726856375056, 13.700726856375056, 13.700726856375056, 13.700726856375056, 13.700726856375056, 13.700726856375056, 13.700726856375056, 13.700726856375056, 13.700726856375056, 13.700726856375056, 13.700726856375056, 13.700726856375056, 13.700726856375056, 13.700726856375056, 13.700726856375056, 13.700726856375056, 13.700726856375056, 13.700726856375056, 13.700726856375056, 13.700726856375056]]

━━━━━━━━━━━━━━━━━━━━━━━━━━━━━━━━━━━━━━━━━━━━━━━━━━━━━━━━━━━━━━━━━━━━━━━━━━━━━━━━━━━━━━━━━━━━━━━━━━━━
      test count: 9
          rt (s): 34.2206, 34.2708, 34.2054, 34.2293, 34.3251, 34.2106, 34.2182, 34.2113, 34.2135
     mean rt (s): 34.2339
   stddev rt (s): 0.0371
       95% ci rt: 0.0303 -> [34.2036, 34.2641]
     coeff ci rt: 0.0008841938009920194
            prod: 23377.7315, 23343.4878, 23388.1200, 23371.7897, 23306.5599, 23384.5650, 23379.3712, 23384.0865, 23382.5829
       mean prod: 23368.6994

   usage cpu (%): 74.7640, 75.1018, 75.0764, 75.1179, 75.0949, 75.0671, 75.1110, 75.1250, 75.0370, 75.0139, 75.0185, 75.0231, 75.0208, 75.0416, 75.0162, 75.0324, 74.9831, 74.9975, 75.0324, 75.0254, 75.0139, 75.0208, 75.0601, 75.0139, 75.0301, 75.0185, 75.0162, 75.0347, 75.0278, 75.0301, 75.0254, 75.0185, 74.9928, 75.0347
    mean cpu (%): 75.0305

   usage mem (%): 13.7029, 13.7029, 13.7029, 13.7029, 13.7029, 13.7029, 13.7029, 13.7029, 13.7031, 13.7031, 13.7031, 13.7031, 13.7031, 13.7031, 13.7031, 13.7025, 13.7020, 13.7016, 13.7011, 13.7007, 13.7005, 13.7003, 13.7003, 13.7003, 13.7003, 13.7003, 13.7003, 13.7003, 13.7003, 13.7002, 13.7002, 13.7002, 13.7002, 13.7002
    mean mem (%): 13.7017
━━━━━━━━━━━━━━━━━━━━━━━━━━━━━━━━━━━━━━━━━━━━━━━━━━━━━━━━━━━━━━━━━━━━━━━━━━━━━━━━━━━━━━━━━━━━━━━━━━━━

