/usr/bin/time -f "%e,%U,%S" sysbench --num-threads=6 --test=cpu --cpu-max-prime=25000 run
sysbench 0.4.12:  multi-threaded system evaluation benchmark

Running the test with following options:
Number of threads: 6

Doing CPU performance benchmark

Threads started!
Done.

Maximum prime number checked in CPU test: 25000


Test execution summary:
    total time:                          0.7742s
    total number of events:              10000
    total time taken by event execution: 4.6313
    per-request statistics:
         min:                                  0.32ms
         avg:                                  0.46ms
         max:                                 10.34ms
         approx.  95 percentile:               1.38ms

Threads fairness:
    events (avg/stddev):           1666.6667/35.65
    execution time (avg/stddev):   0.7719/0.00

0.77,4.49,0.00
