=== Run information ===

Scheme:       weka.clusterers.SimpleKMeans -init 0 -max-candidates 100 -periodic-pruning 10000 -min-density 2.0 -t1 -1.25 -t2 -1.0 -N 3 -A "weka.core.EuclideanDistance -R first-last" -I 500 -num-slots 1 -S 10
Relation:     data-weka.filters.unsupervised.attribute.Remove-R4
Instances:    3600
Attributes:   3
              ﻿requests/s
              ProcessTime
              QueueTime
Test mode:    evaluate on training data


=== Clustering model (full training set) ===


kMeans
======

Number of iterations: 19
Within cluster sum of squared errors: 98.3265683164624

Initial starting points (random):

Cluster 0: 1164.542701,0.002005,0.000324
Cluster 1: 1580.850698,0.002421,0.000211
Cluster 2: 1207.601196,0.002403,0.000141

Missing values globally replaced with mean/mode

Final cluster centroids:
                         Cluster#
Attribute     Full Data         0         1         2
               (3600.0)  (1383.0)   (831.0)  (1386.0)
=====================================================
﻿requests/s    1804.311 1336.4717 2285.3503 1982.7224
ProcessTime      0.0029    0.0024    0.0041    0.0027
QueueTime        0.0057    0.0013    0.0185    0.0025




Time taken to build model (full training data) : 0.04 seconds

=== Model and evaluation on training set ===

Clustered Instances

0      1383 ( 38%)
1       831 ( 23%)
2      1386 ( 39%)

